#-----------------------------------------------------------
# Vivado v2019.1 (64-bit)
# SW Build 2552052 on Fri May 24 14:49:42 MDT 2019
# IP Build 2548770 on Fri May 24 18:01:18 MDT 2019
# Start of session at: Tue Dec 10 15:57:20 2024
# Process ID: 11852
# Current directory: C:/Users/brendendack/Downloads/Temperature_Control_Module_Project-20241210T211240Z-001/Temperature_Control_Module_Project/Temperature_Control_Module_Project.runs/impl_2
# Command line: vivado.exe -log main.vdi -applog -product Vivado -messageDb vivado.pb -mode batch -source main.tcl -notrace
# Log file: C:/Users/brendendack/Downloads/Temperature_Control_Module_Project-20241210T211240Z-001/Temperature_Control_Module_Project/Temperature_Control_Module_Project.runs/impl_2/main.vdi
# Journal file: C:/Users/brendendack/Downloads/Temperature_Control_Module_Project-20241210T211240Z-001/Temperature_Control_Module_Project/Temperature_Control_Module_Project.runs/impl_2\vivado.jou
#-----------------------------------------------------------
source main.tcl -notrace
